// Jest Snapshot v1, https://goo.gl/fbAQLP

exports[`AppTolls.prototype.cursorPosition Should be render slide 1`] = `"<section class=\\"undefined\\"><div class=\\"undefined__bar\\"><button title=\\"pen\\" class=\\"undefined__item undefined__pen\\"><span></span></button><button title=\\"fill\\" class=\\"undefined__item undefined__fill\\"><span></span></button><button title=\\"eraser\\" class=\\"undefined__item undefined__eraser\\"><span></span></button><button title=\\"line\\" class=\\"undefined__item undefined__line\\"><span></span></button><button title=\\"square-fill\\" class=\\"undefined__item undefined__square-fill\\"><span></span></button><button title=\\"square\\" class=\\"undefined__item undefined__square\\"><span></span></button><button title=\\"circle-fill\\" class=\\"undefined__item undefined__circle-fill\\"><span></span></button><button title=\\"circle\\" class=\\"undefined__item undefined__circle\\"><span></span></button><button title=\\"light\\" class=\\"undefined__item undefined__light\\"><span></span></button><button title=\\"dark\\" class=\\"undefined__item undefined__dark\\"><span></span></button><button title=\\"color-pick\\" class=\\"undefined__item undefined__color-pick\\"><span></span></button><button title=\\"rotate\\" class=\\"undefined__item undefined__rotate\\"><span></span></button><button title=\\"move\\" class=\\"undefined__item undefined__move\\"><span></span></button><button title=\\"mirror\\" class=\\"undefined__item undefined__mirror\\"><span></span></button></div></section><div><span>Canvas size:</span><select><option selected=\\"selected\\">32x32</option><option>64x64</option><option>128x128</option></select></div><div class=\\"cursorPositon\\"><div><span>X position:</span><span id=\\"x\\">0</span></div><div><span>Y position:</span><span id=\\"y\\">0</span></div></div>"`;

exports[`AppTolls.prototype.render Should be render slide 1`] = `"<section class=\\"undefined\\"><div class=\\"undefined__bar\\"><button title=\\"pen\\" class=\\"undefined__item undefined__pen\\"><span></span></button><button title=\\"fill\\" class=\\"undefined__item undefined__fill\\"><span></span></button><button title=\\"eraser\\" class=\\"undefined__item undefined__eraser\\"><span></span></button><button title=\\"line\\" class=\\"undefined__item undefined__line\\"><span></span></button><button title=\\"square-fill\\" class=\\"undefined__item undefined__square-fill\\"><span></span></button><button title=\\"square\\" class=\\"undefined__item undefined__square\\"><span></span></button><button title=\\"circle-fill\\" class=\\"undefined__item undefined__circle-fill\\"><span></span></button><button title=\\"circle\\" class=\\"undefined__item undefined__circle\\"><span></span></button><button title=\\"light\\" class=\\"undefined__item undefined__light\\"><span></span></button><button title=\\"dark\\" class=\\"undefined__item undefined__dark\\"><span></span></button><button title=\\"color-pick\\" class=\\"undefined__item undefined__color-pick\\"><span></span></button><button title=\\"rotate\\" class=\\"undefined__item undefined__rotate\\"><span></span></button><button title=\\"move\\" class=\\"undefined__item undefined__move\\"><span></span></button><button title=\\"mirror\\" class=\\"undefined__item undefined__mirror\\"><span></span></button></div></section>"`;
