// Jest Snapshot v1, https://goo.gl/fbAQLP

exports[`AppContainer.prototype.render Should be render container 1`] = `"<section class=\\"container\\"></section>"`;
