// Jest Snapshot v1, https://goo.gl/fbAQLP

exports[`AppDownloadMenu.prototype.render Should be render slide 1`] = `[Function]`;
